11:10:50  INFO     Lookback window: last 90 days (since 2026-01-13)
11:10:50  INFO     Minimum commits required: 50
11:10:50  INFO     Discovering contributors from 20 repos …
11:11:03  INFO     Discovered 385 new candidate usernames
11:11:03  INFO     Total candidate usernames: 516
11:11:03  INFO     Pending: 516 users (0 already done from checkpoint)
11:11:03  INFO     ============================================================
11:11:03  INFO     Starting data collection …
11:11:03  INFO     ============================================================
11:11:03  INFO     [1/516] Processing @gvanrossum …
11:11:08  INFO     [2/516] Processing @ambv …
11:11:12  INFO       @ambv: did not qualify
11:11:13  INFO     [3/516] Processing @markshannon …
11:11:15  INFO       @markshannon: did not qualify
11:11:17  INFO     [4/516] Processing @rhettinger …
11:11:19  INFO       @rhettinger: did not qualify
11:11:20  INFO     [5/516] Processing @encukou …
11:11:29  INFO       @encukou: did not qualify
11:11:30  INFO     [6/516] Processing @pradyunsg …
11:11:36  INFO       @pradyunsg: did not qualify
11:11:37  INFO     [7/516] Processing @sethmlarson …
11:11:59  INFO     [8/516] Processing @AA-Turner …
11:12:07  INFO     [9/516] Processing @rgommers …
11:12:26  WARNING  Request error on /users/rgommers/events: 422 Client Error: Unprocessable Entity for url: https://api.github.com/users/rgommers/events?per_page=100&page=4, attempt 1/3
11:12:29  WARNING  Request error on /users/rgommers/events: 422 Client Error: Unprocessable Entity for url: https://api.github.com/users/rgommers/events?per_page=100&page=4, attempt 2/3
11:12:36  WARNING  Request error on /users/rgommers/events: 422 Client Error: Unprocessable Entity for url: https://api.github.com/users/rgommers/events?per_page=100&page=4, attempt 3/3
11:12:45  ERROR    All 3 attempts failed for /users/rgommers/events
11:12:46  INFO     [10/516] Processing @charris …
11:12:52  WARNING  Request error on /users/charris/events: 422 Client Error: Unprocessable Entity for url: https://api.github.com/users/charris/events?per_page=100&page=4, attempt 1/3
11:12:55  WARNING  Request error on /users/charris/events: 422 Client Error: Unprocessable Entity for url: https://api.github.com/users/charris/events?per_page=100&page=4, attempt 2/3
11:13:01  WARNING  Request error on /users/charris/events: 422 Client Error: Unprocessable Entity for url: https://api.github.com/users/charris/events?per_page=100&page=4, attempt 3/3
11:13:10  ERROR    All 3 attempts failed for /users/charris/events
11:13:12  INFO     [11/516] Processing @seberg …
11:13:15  INFO       @seberg: did not qualify
11:13:16  INFO     [12/516] Processing @mhvk …
11:13:21  INFO       @mhvk: did not qualify
11:13:22  INFO     [13/516] Processing @eric-wieser …
11:13:29  INFO       @eric-wieser: did not qualify
11:13:30  INFO     [14/516] Processing @mattip …
11:13:44  INFO     [15/516] Processing @pv …
11:13:47  INFO       @pv: did not qualify
11:13:49  INFO     [16/516] Processing @ev-br …
11:14:08  INFO     [17/516] Processing @tylerjereddy …
11:14:16  INFO       @tylerjereddy: did not qualify
11:14:17  INFO     [18/516] Processing @ilayn …
11:14:29  INFO     [19/516] Processing @wesm …
11:14:47  WARNING  Request error on /users/wesm/events: 422 Client Error: Unprocessable Entity for url: https://api.github.com/users/wesm/events?per_page=100&page=4, attempt 1/3
11:14:50  WARNING  Request error on /users/wesm/events: 422 Client Error: Unprocessable Entity for url: https://api.github.com/users/wesm/events?per_page=100&page=4, attempt 2/3
11:14:56  WARNING  Request error on /users/wesm/events: 422 Client Error: Unprocessable Entity for url: https://api.github.com/users/wesm/events?per_page=100&page=4, attempt 3/3
11:15:05  ERROR    All 3 attempts failed for /users/wesm/events
11:15:07  INFO     [20/516] Processing @jorisvandenbossche …
11:15:14  INFO       @jorisvandenbossche: did not qualify
11:15:15  INFO     [21/516] Processing @mroeschke …
11:15:22  INFO       @mroeschke: did not qualify
11:15:24  INFO     [22/516] Processing @phofl …
11:15:25  INFO       @phofl: did not qualify
11:15:26  INFO     [23/516] Processing @MarcoGorelli …
11:15:38  INFO       @MarcoGorelli: did not qualify
11:15:39  INFO     [24/516] Processing @rhshadrach …
11:15:44  INFO     [25/516] Processing @WillAyd …
11:15:47  INFO       @WillAyd: did not qualify
11:15:49  INFO     [26/516] Processing @topper-123 …
11:15:50  INFO       @topper-123: did not qualify
11:15:51  INFO     [27/516] Processing @jbrockmendel …
11:15:53  INFO       @jbrockmendel: did not qualify
11:15:54  INFO     [28/516] Processing @tacaswell …
11:16:09  INFO       @tacaswell: did not qualify
11:16:10  INFO     [29/516] Processing @anntzer …
11:16:17  INFO       @anntzer: did not qualify
11:16:19  INFO     [30/516] Processing @efiring …
11:16:21  INFO       @efiring: did not qualify
11:16:22  INFO     [31/516] Processing @timhoffm …
11:16:26  INFO       @timhoffm: did not qualify
11:16:27  INFO     [32/516] Processing @QuLogic …
11:16:33  INFO       @QuLogic: did not qualify
11:16:34  INFO     [33/516] Processing @mwaskom …
11:16:36  INFO       @mwaskom: did not qualify
11:16:38  INFO     [34/516] Processing @ogrisel …
11:16:42  INFO       @ogrisel: did not qualify
11:16:43  INFO     [35/516] Processing @GaelVaroquaux …
11:16:49  INFO       @GaelVaroquaux: did not qualify
11:16:51  INFO     [36/516] Processing @jnothman …
11:16:54  INFO       @jnothman: did not qualify
11:16:55  INFO     [37/516] Processing @amueller …
11:16:57  INFO       @amueller: did not qualify
11:16:59  INFO     [38/516] Processing @glemaitre …
11:17:11  WARNING  Request error on /users/glemaitre/events: 422 Client Error: Unprocessable Entity for url: https://api.github.com/users/glemaitre/events?per_page=100&page=4, attempt 1/3
11:17:14  WARNING  Request error on /users/glemaitre/events: 422 Client Error: Unprocessable Entity for url: https://api.github.com/users/glemaitre/events?per_page=100&page=4, attempt 2/3
11:17:21  WARNING  Request error on /users/glemaitre/events: 422 Client Error: Unprocessable Entity for url: https://api.github.com/users/glemaitre/events?per_page=100&page=4, attempt 3/3
11:17:30  ERROR    All 3 attempts failed for /users/glemaitre/events
11:17:31  INFO     [39/516] Processing @thomasjpfan …
11:17:38  INFO       @thomasjpfan: did not qualify
11:17:39  INFO     [40/516] Processing @adrinjalali …
11:17:44  INFO       @adrinjalali: did not qualify
11:17:46  INFO     [41/516] Processing @lesteve …
11:17:52  INFO       @lesteve: did not qualify
11:17:54  INFO     [42/516] Processing @jeremiedbb …
11:17:57  INFO       @jeremiedbb: did not qualify
11:17:58  INFO     [43/516] Processing @julien-c …
11:18:07  INFO       @julien-c: did not qualify
11:18:09  INFO     [44/516] Processing @sgugger …
11:18:10  INFO       @sgugger: did not qualify
11:18:12  INFO     [45/516] Processing @thomwolf …
11:18:15  INFO       @thomwolf: did not qualify
11:18:17  INFO     [46/516] Processing @patil-suraj …
11:18:19  INFO       @patil-suraj: did not qualify
11:18:20  INFO     [47/516] Processing @muellerzr …
11:18:23  INFO       @muellerzr: did not qualify
11:18:25  INFO     [48/516] Processing @ArthurZucker …
11:18:30  INFO       @ArthurZucker: did not qualify
11:18:31  INFO     [49/516] Processing @amyeroberts …
11:18:32  INFO       @amyeroberts: did not qualify
11:18:34  INFO     [50/516] Processing @lvwerra …
11:18:36  INFO       @lvwerra: did not qualify
11:18:38  INFO     [51/516] Processing @sanchit-gandhi …
11:18:39  INFO       @sanchit-gandhi: did not qualify
11:18:40  INFO     [52/516] Processing @pcuenca …
11:18:47  INFO       @pcuenca: did not qualify
11:18:49  INFO     [53/516] Processing @younesbelkada …
11:18:52  INFO       @younesbelkada: did not qualify
11:18:53  INFO     [54/516] Processing @nateraw …
11:18:56  INFO       @nateraw: did not qualify
11:18:58  INFO     [55/516] Processing @soumith …
11:19:00  INFO       @soumith: did not qualify
11:19:02  INFO     [56/516] Processing @ezyang …
11:19:11  INFO     [57/516] Processing @albanD …
11:19:15  INFO       @albanD: did not qualify
11:19:16  INFO     [58/516] Processing @ngimel …
11:19:17  INFO       @ngimel: did not qualify
11:19:19  INFO     [59/516] Processing @malfet …
11:19:25  INFO       @malfet: did not qualify
11:19:27  INFO     [60/516] Processing @fchollet …
11:19:28  INFO       @fchollet: did not qualify
11:19:29  INFO     [61/516] Processing @lucidrains …
11:19:30  INFO       @lucidrains: did not qualify
11:19:31  INFO     [62/516] Processing @tiangolo …
11:19:40  INFO       @tiangolo: did not qualify
11:19:41  INFO     [63/516] Processing @Kludex …
11:19:54  INFO     [64/516] Processing @mitsuhiko …
11:20:14  WARNING  Request error on /users/mitsuhiko/events: 422 Client Error: Unprocessable Entity for url: https://api.github.com/users/mitsuhiko/events?per_page=100&page=4, attempt 1/3
11:20:17  WARNING  Request error on /users/mitsuhiko/events: 422 Client Error: Unprocessable Entity for url: https://api.github.com/users/mitsuhiko/events?per_page=100&page=4, attempt 2/3
11:20:24  WARNING  Request error on /users/mitsuhiko/events: 422 Client Error: Unprocessable Entity for url: https://api.github.com/users/mitsuhiko/events?per_page=100&page=4, attempt 3/3
11:20:33  ERROR    All 3 attempts failed for /users/mitsuhiko/events
11:20:34  INFO     [65/516] Processing @davidism …
11:20:35  INFO       @davidism: did not qualify
11:20:37  INFO     [66/516] Processing @pgjones …
11:20:41  INFO       @pgjones: did not qualify
11:20:42  INFO     [67/516] Processing @tomchristie …
11:20:43  INFO       @tomchristie: did not qualify
11:20:44  INFO     [68/516] Processing @florimondmanca …
11:20:47  INFO       @florimondmanca: did not qualify
11:20:49  INFO     [69/516] Processing @adriangb …
11:21:00  INFO     [70/516] Processing @hynek …
11:21:12  INFO     [71/516] Processing @asottile …
11:21:31  INFO       @asottile: did not qualify
11:21:33  INFO     [72/516] Processing @charliermarsh …
11:21:35  INFO       @charliermarsh: did not qualify
11:21:37  INFO     [73/516] Processing @zanieb …
11:21:57  WARNING  Request error on /users/zanieb/events: 422 Client Error: Unprocessable Entity for url: https://api.github.com/users/zanieb/events?per_page=100&page=4, attempt 1/3
11:22:00  WARNING  Request error on /users/zanieb/events: 422 Client Error: Unprocessable Entity for url: https://api.github.com/users/zanieb/events?per_page=100&page=4, attempt 2/3
11:22:06  WARNING  Request error on /users/zanieb/events: 422 Client Error: Unprocessable Entity for url: https://api.github.com/users/zanieb/events?per_page=100&page=4, attempt 3/3
11:22:15  ERROR    All 3 attempts failed for /users/zanieb/events
11:22:17  INFO     [74/516] Processing @yyx990803 …
11:22:19  INFO       @yyx990803: did not qualify
11:22:21  INFO     [75/516] Processing @antfu …
11:22:43  INFO     [76/516] Processing @patak-dev …
11:22:44  INFO       @patak-dev: did not qualify
11:22:45  INFO     [77/516] Processing @sheremet-va …
11:22:49  INFO       @sheremet-va: did not qualify
11:22:51  INFO     [78/516] Processing @posva …
11:23:13  INFO     [79/516] Processing @pi0 …
11:23:32  WARNING  Request error on /users/pi0/events: 422 Client Error: Unprocessable Entity for url: https://api.github.com/users/pi0/events?per_page=100&page=4, attempt 1/3
11:23:36  WARNING  Request error on /users/pi0/events: 422 Client Error: Unprocessable Entity for url: https://api.github.com/users/pi0/events?per_page=100&page=4, attempt 2/3
11:23:42  WARNING  Request error on /users/pi0/events: 422 Client Error: Unprocessable Entity for url: https://api.github.com/users/pi0/events?per_page=100&page=4, attempt 3/3
11:23:51  ERROR    All 3 attempts failed for /users/pi0/events
11:23:52  INFO     [80/516] Processing @ahejlsberg …
11:23:53  INFO       @ahejlsberg: did not qualify
11:23:55  INFO     [81/516] Processing @DanielRosenwasser …
11:23:57  INFO       @DanielRosenwasser: did not qualify
11:23:58  INFO     [82/516] Processing @andrewbranch …
11:24:02  INFO       @andrewbranch: did not qualify
11:24:04  INFO     [83/516] Processing @rbuckton …
11:24:07  INFO       @rbuckton: did not qualify
11:24:09  INFO     [84/516] Processing @weswigham …
11:24:12  INFO       @weswigham: did not qualify
11:24:13  INFO     [85/516] Processing @gaearon …
11:24:18  INFO       @gaearon: did not qualify
11:24:20  INFO     [86/516] Processing @acdlite …
11:24:22  INFO       @acdlite: did not qualify
11:24:24  INFO     [87/516] Processing @eps1lon …
11:24:41  WARNING  Request error on /users/eps1lon/events: 422 Client Error: Unprocessable Entity for url: https://api.github.com/users/eps1lon/events?per_page=100&page=4, attempt 1/3
11:24:44  WARNING  Request error on /users/eps1lon/events: 422 Client Error: Unprocessable Entity for url: https://api.github.com/users/eps1lon/events?per_page=100&page=4, attempt 2/3
11:24:51  WARNING  Request error on /users/eps1lon/events: 422 Client Error: Unprocessable Entity for url: https://api.github.com/users/eps1lon/events?per_page=100&page=4, attempt 3/3
11:25:00  ERROR    All 3 attempts failed for /users/eps1lon/events
11:25:01  INFO     [88/516] Processing @bvaughn …
11:25:09  INFO     [89/516] Processing @sebmarkbage …
11:25:11  INFO       @sebmarkbage: did not qualify
11:25:13  INFO     [90/516] Processing @nicolo-ribaudo …
11:25:24  INFO       @nicolo-ribaudo: did not qualify
11:25:25  INFO     [91/516] Processing @mcollina …
11:25:49  INFO     [92/516] Processing @addaleax …
11:25:51  INFO       @addaleax: did not qualify
11:25:53  INFO     [93/516] Processing @bnoordhuis …
11:25:59  INFO       @bnoordhuis: did not qualify
11:26:00  INFO     [94/516] Processing @jasnell …
11:26:14  INFO     [95/516] Processing @targos …
11:26:23  INFO       @targos: did not qualify
11:26:24  INFO     [96/516] Processing @RafaelGSS …
11:26:30  INFO       @RafaelGSS: did not qualify
11:26:31  INFO     [97/516] Processing @sindresorhus …
11:26:51  INFO     [98/516] Processing @dtolnay …
11:27:12  WARNING  Request error on /users/dtolnay/events: 422 Client Error: Unprocessable Entity for url: https://api.github.com/users/dtolnay/events?per_page=100&page=4, attempt 1/3
11:27:16  WARNING  Request error on /users/dtolnay/events: 422 Client Error: Unprocessable Entity for url: https://api.github.com/users/dtolnay/events?per_page=100&page=4, attempt 2/3
11:27:22  WARNING  Request error on /users/dtolnay/events: 422 Client Error: Unprocessable Entity for url: https://api.github.com/users/dtolnay/events?per_page=100&page=4, attempt 3/3
11:27:31  ERROR    All 3 attempts failed for /users/dtolnay/events
11:27:33  INFO     [99/516] Processing @BurntSushi …
11:27:42  INFO     [100/516] Processing @nnethercote …
11:27:54  INFO     [101/516] Processing @nikomatsakis …
11:28:19  INFO     [102/516] Processing @compiler-errors …
11:28:20  INFO       @compiler-errors: did not qualify
11:28:22  INFO     [103/516] Processing @ehuss …
11:28:44  INFO     [104/516] Processing @oli-obk …
11:28:57  INFO       @oli-obk: did not qualify
11:28:58  INFO     [105/516] Processing @Mark-Simulacrum …
11:29:08  INFO       @Mark-Simulacrum: did not qualify
11:29:09  INFO     [106/516] Processing @joshtriplett …
11:29:19  INFO       @joshtriplett: did not qualify
11:29:20  INFO     [107/516] Processing @rsc …
11:29:25  INFO       @rsc: did not qualify
11:29:26  INFO     [108/516] Processing @mvdan …
11:29:37  WARNING  Request error on /users/mvdan/events: 422 Client Error: Unprocessable Entity for url: https://api.github.com/users/mvdan/events?per_page=100&page=4, attempt 1/3
11:29:40  WARNING  Request error on /users/mvdan/events: 422 Client Error: Unprocessable Entity for url: https://api.github.com/users/mvdan/events?per_page=100&page=4, attempt 2/3
11:29:47  WARNING  Request error on /users/mvdan/events: 422 Client Error: Unprocessable Entity for url: https://api.github.com/users/mvdan/events?per_page=100&page=4, attempt 3/3
11:29:56  ERROR    All 3 attempts failed for /users/mvdan/events
11:29:57  INFO     [109/516] Processing @ianlancetaylor …
11:29:58  INFO       @ianlancetaylor: did not qualify
11:30:00  INFO     [110/516] Processing @griesemer …
11:30:00  INFO       @griesemer: did not qualify
11:30:02  INFO     [111/516] Processing @bradfitz …
11:30:16  INFO     [112/516] Processing @tianon …
11:30:40  WARNING  Request error on /users/tianon/events: 422 Client Error: Unprocessable Entity for url: https://api.github.com/users/tianon/events?per_page=100&page=4, attempt 1/3
11:30:43  WARNING  Request error on /users/tianon/events: 422 Client Error: Unprocessable Entity for url: https://api.github.com/users/tianon/events?per_page=100&page=4, attempt 2/3
11:30:49  WARNING  Request error on /users/tianon/events: 422 Client Error: Unprocessable Entity for url: https://api.github.com/users/tianon/events?per_page=100&page=4, attempt 3/3
11:30:58  ERROR    All 3 attempts failed for /users/tianon/events
11:31:00  INFO     [113/516] Processing @thaJeztah …
11:31:27  WARNING  Request error on /users/thaJeztah/events: 422 Client Error: Unprocessable Entity for url: https://api.github.com/users/thaJeztah/events?per_page=100&page=4, attempt 1/3
11:31:31  WARNING  Request error on /users/thaJeztah/events: 422 Client Error: Unprocessable Entity for url: https://api.github.com/users/thaJeztah/events?per_page=100&page=4, attempt 2/3
11:31:37  WARNING  Request error on /users/thaJeztah/events: 422 Client Error: Unprocessable Entity for url: https://api.github.com/users/thaJeztah/events?per_page=100&page=4, attempt 3/3
11:31:46  ERROR    All 3 attempts failed for /users/thaJeztah/events
11:31:48  INFO     [114/516] Processing @cpuguy83 …
11:32:06  INFO     [115/516] Processing @AkihiroSuda …
11:32:26  INFO     [116/516] Processing @thockin …
11:32:34  INFO     [117/516] Processing @liggitt …
11:32:44  INFO       @liggitt: did not qualify
11:32:45  INFO     [118/516] Processing @dims …
11:33:10  WARNING  Request error on /users/dims/events: 422 Client Error: Unprocessable Entity for url: https://api.github.com/users/dims/events?per_page=100&page=4, attempt 1/3
11:33:13  WARNING  Request error on /users/dims/events: 422 Client Error: Unprocessable Entity for url: https://api.github.com/users/dims/events?per_page=100&page=4, attempt 2/3
11:33:19  WARNING  Request error on /users/dims/events: 422 Client Error: Unprocessable Entity for url: https://api.github.com/users/dims/events?per_page=100&page=4, attempt 3/3
11:33:28  ERROR    All 3 attempts failed for /users/dims/events
11:33:30  INFO     [119/516] Processing @deads2k …
11:33:39  WARNING  Request error on /users/deads2k/events: 422 Client Error: Unprocessable Entity for url: https://api.github.com/users/deads2k/events?per_page=100&page=4, attempt 1/3
11:33:42  WARNING  Request error on /users/deads2k/events: 422 Client Error: Unprocessable Entity for url: https://api.github.com/users/deads2k/events?per_page=100&page=4, attempt 2/3
11:33:49  WARNING  Request error on /users/deads2k/events: 422 Client Error: Unprocessable Entity for url: https://api.github.com/users/deads2k/events?per_page=100&page=4, attempt 3/3
11:33:58  ERROR    All 3 attempts failed for /users/deads2k/events
11:33:59  INFO     [120/516] Processing @potiuk …
11:34:14  WARNING  Request error on /users/potiuk/events: 422 Client Error: Unprocessable Entity for url: https://api.github.com/users/potiuk/events?per_page=100&page=4, attempt 1/3
11:34:18  WARNING  Request error on /users/potiuk/events: 422 Client Error: Unprocessable Entity for url: https://api.github.com/users/potiuk/events?per_page=100&page=4, attempt 2/3
11:34:24  WARNING  Request error on /users/potiuk/events: 422 Client Error: Unprocessable Entity for url: https://api.github.com/users/potiuk/events?per_page=100&page=4, attempt 3/3
11:34:33  ERROR    All 3 attempts failed for /users/potiuk/events
11:34:34  INFO     [121/516] Processing @kaxil …
11:34:40  INFO       @kaxil: did not qualify
11:34:41  INFO     [122/516] Processing @uranusjr …
11:34:44  INFO       @uranusjr: did not qualify
11:34:46  INFO     [123/516] Processing @dstandish …
11:34:48  INFO       @dstandish: did not qualify
11:34:50  INFO     [124/516] Processing @emilio …
11:35:02  INFO     [125/516] Processing @jdm …
11:35:08  INFO       @jdm: did not qualify
11:35:09  INFO     [126/516] Processing @nical …
11:35:18  INFO     [127/516] Processing @xhochy …
11:35:38  INFO       @xhochy: did not qualify
11:35:40  INFO     [128/516] Processing @pitrou …
11:35:44  INFO       @pitrou: did not qualify
11:35:46  INFO     [129/516] Processing @nicowillis …
11:35:46  INFO       @nicowillis: did not qualify
11:35:48  INFO     [130/516] Processing @simonw …
11:36:07  INFO     [131/516] Processing @tarsil …
11:36:11  INFO       @tarsil: did not qualify
11:36:13  INFO     [132/516] Processing @jreback …
11:36:14  INFO       @jreback: did not qualify
11:36:16  INFO     [133/516] Processing @TomAugspurger …
11:36:26  INFO       @TomAugspurger: did not qualify
11:36:27  INFO     [134/516] Processing @simonjayhawkins …
11:36:28  INFO       @simonjayhawkins: did not qualify
11:36:30  INFO     [135/516] Processing @cpcloud …
11:36:43  WARNING  Request error on /users/cpcloud/events: 422 Client Error: Unprocessable Entity for url: https://api.github.com/users/cpcloud/events?per_page=100&page=4, attempt 1/3
11:36:46  WARNING  Request error on /users/cpcloud/events: 422 Client Error: Unprocessable Entity for url: https://api.github.com/users/cpcloud/events?per_page=100&page=4, attempt 2/3
11:36:53  WARNING  Request error on /users/cpcloud/events: 422 Client Error: Unprocessable Entity for url: https://api.github.com/users/cpcloud/events?per_page=100&page=4, attempt 3/3
11:37:02  ERROR    All 3 attempts failed for /users/cpcloud/events
11:37:03  INFO     [136/516] Processing @tuhinsharma121 …
11:37:09  INFO       @tuhinsharma121: did not qualify
11:37:10  INFO     [137/516] Processing @gfyoung …
11:37:12  INFO       @gfyoung: did not qualify
11:37:13  INFO     [138/516] Processing @sinhrks …
11:37:15  INFO       @sinhrks: did not qualify
11:37:16  INFO     [139/516] Processing @adamklein …
11:37:17  INFO       @adamklein: did not qualify
11:37:19  INFO     [140/516] Processing @datapythonista …
11:37:20  INFO       @datapythonista: did not qualify
11:37:21  INFO     [141/516] Processing @jtratner …
11:37:24  INFO       @jtratner: did not qualify
11:37:25  INFO     [142/516] Processing @changhiskhan …
11:37:28  INFO       @changhiskhan: did not qualify
11:37:29  INFO     [143/516] Processing @lithomas1 …
11:37:31  INFO       @lithomas1: did not qualify
11:37:33  INFO     [144/516] Processing @lukemanley …
11:37:34  INFO       @lukemanley: did not qualify
11:37:35  INFO     [145/516] Processing @twoertwein …
11:37:36  INFO       @twoertwein: did not qualify
11:37:38  INFO     [146/516] Processing @ShaharNaveh …
11:37:47  WARNING  Request error on /users/ShaharNaveh/events: 422 Client Error: Unprocessable Entity for url: https://api.github.com/users/ShaharNaveh/events?per_page=100&page=4, attempt 1/3
11:37:50  WARNING  Request error on /users/ShaharNaveh/events: 422 Client Error: Unprocessable Entity for url: https://api.github.com/users/ShaharNaveh/events?per_page=100&page=4, attempt 2/3
11:37:57  WARNING  Request error on /users/ShaharNaveh/events: 422 Client Error: Unprocessable Entity for url: https://api.github.com/users/ShaharNaveh/events?per_page=100&page=4, attempt 3/3
11:38:06  ERROR    All 3 attempts failed for /users/ShaharNaveh/events
11:38:07  INFO     [147/516] Processing @attack68 …
11:38:10  INFO       @attack68: did not qualify
11:38:11  INFO     [148/516] Processing @teoliphant …
11:38:12  INFO       @teoliphant: did not qualify
11:38:14  INFO     [149/516] Processing @cournape …
11:38:19  INFO     [150/516] Processing @pearu …
11:38:21  INFO       @pearu: did not qualify
11:38:22  INFO     [151/516] Processing @jorenham …
11:38:47  WARNING  Request error on /users/jorenham/events: 422 Client Error: Unprocessable Entity for url: https://api.github.com/users/jorenham/events?per_page=100&page=4, attempt 1/3
11:38:50  WARNING  Request error on /users/jorenham/events: 422 Client Error: Unprocessable Entity for url: https://api.github.com/users/jorenham/events?per_page=100&page=4, attempt 2/3
11:38:56  WARNING  Request error on /users/jorenham/events: 422 Client Error: Unprocessable Entity for url: https://api.github.com/users/jorenham/events?per_page=100&page=4, attempt 3/3
